
*** Running vivado
    with args -log fir_lowpass_25k.vds -m64 -product Vivado -mode batch -messageDb vivado.pb -notrace -source fir_lowpass_25k.tcl


ECHO 处于关闭状态。
ECHO 处于关闭状态。

****** Vivado v2023.1 (64-bit)
  **** SW Build 3865809 on Sun May  7 15:05:29 MDT 2023
  **** IP Build 3864474 on Sun May  7 20:36:21 MDT 2023
  **** SharedData Build 3865790 on Sun May 07 13:33:03 MDT 2023
    ** Copyright 1986-2022 Xilinx, Inc. All Rights Reserved.
    ** Copyright 2022-2023 Advanced Micro Devices, Inc. All Rights Reserved.

source fir_lowpass_25k.tcl -notrace
create_project: Time (s): cpu = 00:00:01 ; elapsed = 00:00:05 . Memory (MB): peak = 456.184 ; gain = 159.457
INFO: [IP_Flow 19-6924] IPCACHE: Running cache check for IP inst: fir_lowpass_25k
Command: synth_design -top fir_lowpass_25k -part xc7a200tfbg484-1 -incremental_mode off -mode out_of_context
Starting synth_design
Attempting to get a license for feature 'Synthesis' and/or device 'xc7a200t'
INFO: [Common 17-349] Got license for feature 'Synthesis' and/or device 'xc7a200t'
INFO: [Device 21-403] Loading part xc7a200tfbg484-1
INFO: [Synth 8-7079] Multithreading enabled for synth_design using a maximum of 2 processes.
INFO: [Synth 8-7078] Launching helper process for spawning children vivado processes
INFO: [Synth 8-7075] Helper process launched with PID 28308
---------------------------------------------------------------------------------
Starting RTL Elaboration : Time (s): cpu = 00:00:01 ; elapsed = 00:00:05 . Memory (MB): peak = 1335.309 ; gain = 409.816
---------------------------------------------------------------------------------
INFO: [Synth 8-638] synthesizing module 'fir_lowpass_25k' [d:/Xilinx/Project/200t/AM_demodulation/AM_demodulation.gen/sources_1/ip/fir_lowpass_25k/synth/fir_lowpass_25k.vhd:70]
	Parameter C_XDEVICEFAMILY bound to: artix7 - type: string 
	Parameter C_ELABORATION_DIR bound to: ./ - type: string 
	Parameter C_COMPONENT_NAME bound to: fir_lowpass_25k - type: string 
	Parameter C_COEF_FILE bound to: fir_lowpass_25k.mif - type: string 
	Parameter C_COEF_FILE_LINES bound to: 55 - type: integer 
	Parameter C_FILTER_TYPE bound to: 0 - type: integer 
	Parameter C_INTERP_RATE bound to: 1 - type: integer 
	Parameter C_DECIM_RATE bound to: 1 - type: integer 
	Parameter C_ZERO_PACKING_FACTOR bound to: 1 - type: integer 
	Parameter C_SYMMETRY bound to: 1 - type: integer 
	Parameter C_NUM_FILTS bound to: 1 - type: integer 
	Parameter C_NUM_TAPS bound to: 101 - type: integer 
	Parameter C_NUM_CHANNELS bound to: 1 - type: integer 
	Parameter C_CHANNEL_PATTERN bound to: fixed - type: string 
	Parameter C_ROUND_MODE bound to: 0 - type: integer 
	Parameter C_COEF_RELOAD bound to: 0 - type: integer 
	Parameter C_NUM_RELOAD_SLOTS bound to: 1 - type: integer 
	Parameter C_COL_MODE bound to: 1 - type: integer 
	Parameter C_COL_PIPE_LEN bound to: 4 - type: integer 
	Parameter C_COL_CONFIG bound to: 11 - type: string 
	Parameter C_OPTIMIZATION bound to: 0 - type: integer 
	Parameter C_DATA_PATH_WIDTHS bound to: 10 - type: string 
	Parameter C_DATA_IP_PATH_WIDTHS bound to: 10 - type: string 
	Parameter C_DATA_PX_PATH_WIDTHS bound to: 10 - type: string 
	Parameter C_DATA_WIDTH bound to: 10 - type: integer 
	Parameter C_COEF_PATH_WIDTHS bound to: 16 - type: string 
	Parameter C_COEF_WIDTH bound to: 16 - type: integer 
	Parameter C_DATA_PATH_SRC bound to: 0 - type: string 
	Parameter C_COEF_PATH_SRC bound to: 0 - type: string 
	Parameter C_PX_PATH_SRC bound to: 0 - type: string 
	Parameter C_DATA_PATH_SIGN bound to: 0 - type: string 
	Parameter C_COEF_PATH_SIGN bound to: 0 - type: string 
	Parameter C_ACCUM_PATH_WIDTHS bound to: 30 - type: string 
	Parameter C_OUTPUT_WIDTH bound to: 30 - type: integer 
	Parameter C_OUTPUT_PATH_WIDTHS bound to: 30 - type: string 
	Parameter C_ACCUM_OP_PATH_WIDTHS bound to: 30 - type: string 
	Parameter C_EXT_MULT_CNFG bound to: none - type: string 
	Parameter C_DATA_PATH_PSAMP_SRC bound to: 0 - type: string 
	Parameter C_OP_PATH_PSAMP_SRC bound to: 0 - type: string 
	Parameter C_NUM_MADDS bound to: 11 - type: integer 
	Parameter C_OPT_MADDS bound to: none - type: string 
	Parameter C_OVERSAMPLING_RATE bound to: 5 - type: integer 
	Parameter C_INPUT_RATE bound to: 5 - type: integer 
	Parameter C_OUTPUT_RATE bound to: 5 - type: integer 
	Parameter C_DATA_MEMTYPE bound to: 0 - type: integer 
	Parameter C_COEF_MEMTYPE bound to: 2 - type: integer 
	Parameter C_IPBUFF_MEMTYPE bound to: 0 - type: integer 
	Parameter C_OPBUFF_MEMTYPE bound to: 0 - type: integer 
	Parameter C_DATAPATH_MEMTYPE bound to: 0 - type: integer 
	Parameter C_MEM_ARRANGEMENT bound to: 1 - type: integer 
	Parameter C_DATA_MEM_PACKING bound to: 0 - type: integer 
	Parameter C_COEF_MEM_PACKING bound to: 0 - type: integer 
	Parameter C_FILTS_PACKED bound to: 0 - type: integer 
	Parameter C_LATENCY bound to: 23 - type: integer 
	Parameter C_HAS_ARESETn bound to: 0 - type: integer 
	Parameter C_HAS_ACLKEN bound to: 0 - type: integer 
	Parameter C_DATA_HAS_TLAST bound to: 0 - type: integer 
	Parameter C_S_DATA_HAS_FIFO bound to: 1 - type: integer 
	Parameter C_S_DATA_HAS_TUSER bound to: 0 - type: integer 
	Parameter C_S_DATA_TDATA_WIDTH bound to: 16 - type: integer 
	Parameter C_S_DATA_TUSER_WIDTH bound to: 1 - type: integer 
	Parameter C_M_DATA_HAS_TREADY bound to: 0 - type: integer 
	Parameter C_M_DATA_HAS_TUSER bound to: 0 - type: integer 
	Parameter C_M_DATA_TDATA_WIDTH bound to: 32 - type: integer 
	Parameter C_M_DATA_TUSER_WIDTH bound to: 1 - type: integer 
	Parameter C_HAS_CONFIG_CHANNEL bound to: 0 - type: integer 
	Parameter C_CONFIG_SYNC_MODE bound to: 0 - type: integer 
	Parameter C_CONFIG_PACKET_SIZE bound to: 0 - type: integer 
	Parameter C_CONFIG_TDATA_WIDTH bound to: 1 - type: integer 
	Parameter C_RELOAD_TDATA_WIDTH bound to: 1 - type: integer 
INFO: [Synth 8-3491] module 'fir_compiler_v7_2_19' declared at 'd:/Xilinx/Project/200t/AM_demodulation/AM_demodulation.gen/sources_1/ip/fir_lowpass_25k/hdl/fir_compiler_v7_2_vh_rfs.vhd:67113' bound to instance 'U0' of component 'fir_compiler_v7_2_19' [d:/Xilinx/Project/200t/AM_demodulation/AM_demodulation.gen/sources_1/ip/fir_lowpass_25k/synth/fir_lowpass_25k.vhd:198]
INFO: [Synth 8-3919] null assignment ignored
INFO: [Synth 8-3919] null assignment ignored
INFO: [Synth 8-3919] null assignment ignored
INFO: [Synth 8-3919] null assignment ignored
INFO: [Synth 8-256] done synthesizing module 'fir_lowpass_25k' (0#1) [d:/Xilinx/Project/200t/AM_demodulation/AM_demodulation.gen/sources_1/ip/fir_lowpass_25k/synth/fir_lowpass_25k.vhd:70]
WARNING: [Synth 8-7129] Port SCLR in module delay__parameterized20 is either unconnected or has no load
WARNING: [Synth 8-7129] Port SCLR_ALT in module delay__parameterized20 is either unconnected or has no load
WARNING: [Synth 8-7129] Port SCLR in module delay__parameterized19 is either unconnected or has no load
WARNING: [Synth 8-7129] Port SCLR_ALT in module delay__parameterized19 is either unconnected or has no load
WARNING: [Synth 8-7129] Port WE in module delay__parameterized17 is either unconnected or has no load
WARNING: [Synth 8-7129] Port CE in module delay__parameterized17 is either unconnected or has no load
WARNING: [Synth 8-7129] Port SCLR in module delay__parameterized17 is either unconnected or has no load
WARNING: [Synth 8-7129] Port SCLR_ALT in module delay__parameterized17 is either unconnected or has no load
WARNING: [Synth 8-7129] Port CLK in module delay__parameterized17 is either unconnected or has no load
WARNING: [Synth 8-7129] Port WE in module delay__parameterized18 is either unconnected or has no load
WARNING: [Synth 8-7129] Port CE in module delay__parameterized18 is either unconnected or has no load
WARNING: [Synth 8-7129] Port SCLR in module delay__parameterized18 is either unconnected or has no load
WARNING: [Synth 8-7129] Port SCLR_ALT in module delay__parameterized18 is either unconnected or has no load
WARNING: [Synth 8-7129] Port CLK in module delay__parameterized18 is either unconnected or has no load
WARNING: [Synth 8-7129] Port PRE_ADDSUB in module calc__parameterized0 is either unconnected or has no load
WARNING: [Synth 8-7129] Port PRE_ADD_BYPASS in module calc__parameterized0 is either unconnected or has no load
WARNING: [Synth 8-7129] Port CED in module calc__parameterized0 is either unconnected or has no load
WARNING: [Synth 8-7129] Port POUT[fab][57] in module add_accum is either unconnected or has no load
WARNING: [Synth 8-7129] Port POUT[fab][56] in module add_accum is either unconnected or has no load
WARNING: [Synth 8-7129] Port POUT[fab][55] in module add_accum is either unconnected or has no load
WARNING: [Synth 8-7129] Port POUT[fab][54] in module add_accum is either unconnected or has no load
WARNING: [Synth 8-7129] Port POUT[fab][53] in module add_accum is either unconnected or has no load
WARNING: [Synth 8-7129] Port POUT[fab][52] in module add_accum is either unconnected or has no load
WARNING: [Synth 8-7129] Port POUT[fab][51] in module add_accum is either unconnected or has no load
WARNING: [Synth 8-7129] Port POUT[fab][50] in module add_accum is either unconnected or has no load
WARNING: [Synth 8-7129] Port POUT[fab][49] in module add_accum is either unconnected or has no load
WARNING: [Synth 8-7129] Port POUT[fab][48] in module add_accum is either unconnected or has no load
WARNING: [Synth 8-7129] Port POUT[casc][62] in module add_accum is either unconnected or has no load
WARNING: [Synth 8-7129] Port POUT[casc][61] in module add_accum is either unconnected or has no load
WARNING: [Synth 8-7129] Port POUT[casc][60] in module add_accum is either unconnected or has no load
WARNING: [Synth 8-7129] Port POUT[casc][59] in module add_accum is either unconnected or has no load
WARNING: [Synth 8-7129] Port POUT[casc][58] in module add_accum is either unconnected or has no load
WARNING: [Synth 8-7129] Port POUT[casc][57] in module add_accum is either unconnected or has no load
WARNING: [Synth 8-7129] Port POUT[casc][56] in module add_accum is either unconnected or has no load
WARNING: [Synth 8-7129] Port POUT[casc][55] in module add_accum is either unconnected or has no load
WARNING: [Synth 8-7129] Port POUT[casc][54] in module add_accum is either unconnected or has no load
WARNING: [Synth 8-7129] Port POUT[casc][53] in module add_accum is either unconnected or has no load
WARNING: [Synth 8-7129] Port POUT[casc][52] in module add_accum is either unconnected or has no load
WARNING: [Synth 8-7129] Port POUT[casc][51] in module add_accum is either unconnected or has no load
WARNING: [Synth 8-7129] Port POUT[casc][50] in module add_accum is either unconnected or has no load
WARNING: [Synth 8-7129] Port POUT[casc][49] in module add_accum is either unconnected or has no load
WARNING: [Synth 8-7129] Port POUT[casc][48] in module add_accum is either unconnected or has no load
WARNING: [Synth 8-7129] Port PIN[fab][57] in module add_accum is either unconnected or has no load
WARNING: [Synth 8-7129] Port PIN[fab][56] in module add_accum is either unconnected or has no load
WARNING: [Synth 8-7129] Port PIN[fab][55] in module add_accum is either unconnected or has no load
WARNING: [Synth 8-7129] Port PIN[fab][54] in module add_accum is either unconnected or has no load
WARNING: [Synth 8-7129] Port PIN[fab][53] in module add_accum is either unconnected or has no load
WARNING: [Synth 8-7129] Port PIN[fab][52] in module add_accum is either unconnected or has no load
WARNING: [Synth 8-7129] Port PIN[fab][51] in module add_accum is either unconnected or has no load
WARNING: [Synth 8-7129] Port PIN[fab][50] in module add_accum is either unconnected or has no load
WARNING: [Synth 8-7129] Port PIN[fab][49] in module add_accum is either unconnected or has no load
WARNING: [Synth 8-7129] Port PIN[fab][48] in module add_accum is either unconnected or has no load
WARNING: [Synth 8-7129] Port PIN[fab][47] in module add_accum is either unconnected or has no load
WARNING: [Synth 8-7129] Port PIN[fab][46] in module add_accum is either unconnected or has no load
WARNING: [Synth 8-7129] Port PIN[fab][45] in module add_accum is either unconnected or has no load
WARNING: [Synth 8-7129] Port PIN[fab][44] in module add_accum is either unconnected or has no load
WARNING: [Synth 8-7129] Port PIN[fab][43] in module add_accum is either unconnected or has no load
WARNING: [Synth 8-7129] Port PIN[fab][42] in module add_accum is either unconnected or has no load
WARNING: [Synth 8-7129] Port PIN[fab][41] in module add_accum is either unconnected or has no load
WARNING: [Synth 8-7129] Port PIN[fab][40] in module add_accum is either unconnected or has no load
WARNING: [Synth 8-7129] Port PIN[fab][39] in module add_accum is either unconnected or has no load
WARNING: [Synth 8-7129] Port PIN[fab][38] in module add_accum is either unconnected or has no load
WARNING: [Synth 8-7129] Port PIN[fab][37] in module add_accum is either unconnected or has no load
WARNING: [Synth 8-7129] Port PIN[fab][36] in module add_accum is either unconnected or has no load
WARNING: [Synth 8-7129] Port PIN[fab][35] in module add_accum is either unconnected or has no load
WARNING: [Synth 8-7129] Port PIN[fab][34] in module add_accum is either unconnected or has no load
WARNING: [Synth 8-7129] Port PIN[fab][33] in module add_accum is either unconnected or has no load
WARNING: [Synth 8-7129] Port PIN[fab][32] in module add_accum is either unconnected or has no load
WARNING: [Synth 8-7129] Port PIN[fab][31] in module add_accum is either unconnected or has no load
WARNING: [Synth 8-7129] Port PIN[fab][30] in module add_accum is either unconnected or has no load
WARNING: [Synth 8-7129] Port PIN[fab][29] in module add_accum is either unconnected or has no load
WARNING: [Synth 8-7129] Port PIN[fab][28] in module add_accum is either unconnected or has no load
WARNING: [Synth 8-7129] Port PIN[fab][27] in module add_accum is either unconnected or has no load
WARNING: [Synth 8-7129] Port PIN[fab][26] in module add_accum is either unconnected or has no load
WARNING: [Synth 8-7129] Port PIN[fab][25] in module add_accum is either unconnected or has no load
WARNING: [Synth 8-7129] Port PIN[fab][24] in module add_accum is either unconnected or has no load
WARNING: [Synth 8-7129] Port PIN[fab][23] in module add_accum is either unconnected or has no load
WARNING: [Synth 8-7129] Port PIN[fab][22] in module add_accum is either unconnected or has no load
WARNING: [Synth 8-7129] Port PIN[fab][21] in module add_accum is either unconnected or has no load
WARNING: [Synth 8-7129] Port PIN[fab][20] in module add_accum is either unconnected or has no load
WARNING: [Synth 8-7129] Port PIN[fab][19] in module add_accum is either unconnected or has no load
WARNING: [Synth 8-7129] Port PIN[fab][18] in module add_accum is either unconnected or has no load
WARNING: [Synth 8-7129] Port PIN[fab][17] in module add_accum is either unconnected or has no load
WARNING: [Synth 8-7129] Port PIN[fab][16] in module add_accum is either unconnected or has no load
WARNING: [Synth 8-7129] Port PIN[fab][15] in module add_accum is either unconnected or has no load
WARNING: [Synth 8-7129] Port PIN[fab][14] in module add_accum is either unconnected or has no load
WARNING: [Synth 8-7129] Port PIN[fab][13] in module add_accum is either unconnected or has no load
WARNING: [Synth 8-7129] Port PIN[fab][12] in module add_accum is either unconnected or has no load
WARNING: [Synth 8-7129] Port PIN[fab][11] in module add_accum is either unconnected or has no load
WARNING: [Synth 8-7129] Port PIN[fab][10] in module add_accum is either unconnected or has no load
WARNING: [Synth 8-7129] Port PIN[fab][9] in module add_accum is either unconnected or has no load
WARNING: [Synth 8-7129] Port PIN[fab][8] in module add_accum is either unconnected or has no load
WARNING: [Synth 8-7129] Port PIN[fab][7] in module add_accum is either unconnected or has no load
WARNING: [Synth 8-7129] Port PIN[fab][6] in module add_accum is either unconnected or has no load
WARNING: [Synth 8-7129] Port PIN[fab][5] in module add_accum is either unconnected or has no load
WARNING: [Synth 8-7129] Port PIN[fab][4] in module add_accum is either unconnected or has no load
WARNING: [Synth 8-7129] Port PIN[fab][3] in module add_accum is either unconnected or has no load
WARNING: [Synth 8-7129] Port PIN[fab][2] in module add_accum is either unconnected or has no load
WARNING: [Synth 8-7129] Port PIN[fab][1] in module add_accum is either unconnected or has no load
WARNING: [Synth 8-7129] Port PIN[fab][0] in module add_accum is either unconnected or has no load
INFO: [Common 17-14] Message 'Synth 8-7129' appears 100 times and further instances of the messages will be disabled. Use the Tcl command set_msg_config to change the current settings.
---------------------------------------------------------------------------------
Finished RTL Elaboration : Time (s): cpu = 00:00:03 ; elapsed = 00:00:12 . Memory (MB): peak = 1575.922 ; gain = 650.430
---------------------------------------------------------------------------------
---------------------------------------------------------------------------------
Start Handling Custom Attributes
---------------------------------------------------------------------------------
---------------------------------------------------------------------------------
Finished Handling Custom Attributes : Time (s): cpu = 00:00:03 ; elapsed = 00:00:12 . Memory (MB): peak = 1575.922 ; gain = 650.430
---------------------------------------------------------------------------------
---------------------------------------------------------------------------------
Finished RTL Optimization Phase 1 : Time (s): cpu = 00:00:03 ; elapsed = 00:00:12 . Memory (MB): peak = 1575.922 ; gain = 650.430
---------------------------------------------------------------------------------
Netlist sorting complete. Time (s): cpu = 00:00:00 ; elapsed = 00:00:00.088 . Memory (MB): peak = 1575.922 ; gain = 0.000
INFO: [Netlist 29-17] Analyzing 12 Unisim elements for replacement
INFO: [Netlist 29-28] Unisim Transformation completed in 0 CPU seconds
INFO: [Project 1-570] Preparing netlist for logic optimization

Processing XDC Constraints
Initializing timing engine
Parsing XDC File [d:/Xilinx/Project/200t/AM_demodulation/AM_demodulation.gen/sources_1/ip/fir_lowpass_25k/fir_lowpass_25k_ooc.xdc] for cell 'U0'
Finished Parsing XDC File [d:/Xilinx/Project/200t/AM_demodulation/AM_demodulation.gen/sources_1/ip/fir_lowpass_25k/fir_lowpass_25k_ooc.xdc] for cell 'U0'
Parsing XDC File [d:/Xilinx/Project/200t/AM_demodulation/AM_demodulation.gen/sources_1/ip/fir_lowpass_25k/constraints/fir_compiler_v7_2.xdc] for cell 'U0'
Finished Parsing XDC File [d:/Xilinx/Project/200t/AM_demodulation/AM_demodulation.gen/sources_1/ip/fir_lowpass_25k/constraints/fir_compiler_v7_2.xdc] for cell 'U0'
Parsing XDC File [D:/Xilinx/Project/200t/AM_demodulation/AM_demodulation.runs/fir_lowpass_25k_synth_1/dont_touch.xdc]
Finished Parsing XDC File [D:/Xilinx/Project/200t/AM_demodulation/AM_demodulation.runs/fir_lowpass_25k_synth_1/dont_touch.xdc]
Completed Processing XDC Constraints

Netlist sorting complete. Time (s): cpu = 00:00:00 ; elapsed = 00:00:00.002 . Memory (MB): peak = 1592.168 ; gain = 0.000
INFO: [Project 1-111] Unisim Transformation Summary:
No Unisim elements were transformed.

Constraint Validation Runtime : Time (s): cpu = 00:00:00 ; elapsed = 00:00:00.052 . Memory (MB): peak = 1594.875 ; gain = 2.707
INFO: [Designutils 20-5008] Incremental synthesis strategy off
---------------------------------------------------------------------------------
Finished Constraint Validation : Time (s): cpu = 00:00:04 ; elapsed = 00:00:21 . Memory (MB): peak = 1594.875 ; gain = 669.383
---------------------------------------------------------------------------------
---------------------------------------------------------------------------------
Start Loading Part and Timing Information
---------------------------------------------------------------------------------
Loading part: xc7a200tfbg484-1
---------------------------------------------------------------------------------
Finished Loading Part and Timing Information : Time (s): cpu = 00:00:04 ; elapsed = 00:00:21 . Memory (MB): peak = 1594.875 ; gain = 669.383
---------------------------------------------------------------------------------
---------------------------------------------------------------------------------
Start Applying 'set_property' XDC Constraints
---------------------------------------------------------------------------------
Applied set_property KEEP_HIERARCHY = SOFT for U0. (constraint file  D:/Xilinx/Project/200t/AM_demodulation/AM_demodulation.runs/fir_lowpass_25k_synth_1/dont_touch.xdc, line 9).
---------------------------------------------------------------------------------
Finished applying 'set_property' XDC Constraints : Time (s): cpu = 00:00:04 ; elapsed = 00:00:21 . Memory (MB): peak = 1594.875 ; gain = 669.383
---------------------------------------------------------------------------------
---------------------------------------------------------------------------------
Finished RTL Optimization Phase 2 : Time (s): cpu = 00:00:04 ; elapsed = 00:00:21 . Memory (MB): peak = 1594.875 ; gain = 669.383
---------------------------------------------------------------------------------
INFO: [Synth 8-223] decloning instance 'U0/i_synth/g_single_rate.i_single_rate/g_semi_parallel_and_smac.g_cntrl_signals[4].i_delay' (delay__parameterized5) to 'U0/i_synth/g_single_rate.i_single_rate/g_semi_parallel_and_smac.g_cntrl_signals[5].i_delay'
---------------------------------------------------------------------------------
Start RTL Component Statistics 
---------------------------------------------------------------------------------
---------------------------------------------------------------------------------
Finished RTL Component Statistics 
---------------------------------------------------------------------------------
---------------------------------------------------------------------------------
Start Part Resource Summary
---------------------------------------------------------------------------------
Part Resources:
DSPs: 740 (col length:100)
BRAMs: 730 (col length: RAMB18 100 RAMB36 50)
---------------------------------------------------------------------------------
Finished Part Resource Summary
---------------------------------------------------------------------------------
---------------------------------------------------------------------------------
Start Cross Boundary and Area Optimization
---------------------------------------------------------------------------------
WARNING: [Synth 8-7080] Parallel synthesis criteria is not met
---------------------------------------------------------------------------------
Finished Cross Boundary and Area Optimization : Time (s): cpu = 00:00:04 ; elapsed = 00:00:23 . Memory (MB): peak = 1594.875 ; gain = 669.383
---------------------------------------------------------------------------------
---------------------------------------------------------------------------------
Start Applying XDC Timing Constraints
---------------------------------------------------------------------------------
---------------------------------------------------------------------------------
Finished Applying XDC Timing Constraints : Time (s): cpu = 00:00:05 ; elapsed = 00:00:29 . Memory (MB): peak = 1594.875 ; gain = 669.383
---------------------------------------------------------------------------------
---------------------------------------------------------------------------------
Start Timing Optimization
---------------------------------------------------------------------------------
---------------------------------------------------------------------------------
Finished Timing Optimization : Time (s): cpu = 00:00:05 ; elapsed = 00:00:29 . Memory (MB): peak = 1594.875 ; gain = 669.383
---------------------------------------------------------------------------------
---------------------------------------------------------------------------------
Start Technology Mapping
---------------------------------------------------------------------------------
---------------------------------------------------------------------------------
Finished Technology Mapping : Time (s): cpu = 00:00:05 ; elapsed = 00:00:30 . Memory (MB): peak = 1594.875 ; gain = 669.383
---------------------------------------------------------------------------------
---------------------------------------------------------------------------------
Start IO Insertion
---------------------------------------------------------------------------------
---------------------------------------------------------------------------------
Start Flattening Before IO Insertion
---------------------------------------------------------------------------------
---------------------------------------------------------------------------------
Finished Flattening Before IO Insertion
---------------------------------------------------------------------------------
---------------------------------------------------------------------------------
Start Final Netlist Cleanup
---------------------------------------------------------------------------------
---------------------------------------------------------------------------------
Finished Final Netlist Cleanup
---------------------------------------------------------------------------------
---------------------------------------------------------------------------------
Finished IO Insertion : Time (s): cpu = 00:00:05 ; elapsed = 00:00:33 . Memory (MB): peak = 1594.875 ; gain = 669.383
---------------------------------------------------------------------------------
---------------------------------------------------------------------------------
Start Renaming Generated Instances
---------------------------------------------------------------------------------
---------------------------------------------------------------------------------
Finished Renaming Generated Instances : Time (s): cpu = 00:00:05 ; elapsed = 00:00:33 . Memory (MB): peak = 1594.875 ; gain = 669.383
---------------------------------------------------------------------------------
---------------------------------------------------------------------------------
Start Rebuilding User Hierarchy
---------------------------------------------------------------------------------
---------------------------------------------------------------------------------
Finished Rebuilding User Hierarchy : Time (s): cpu = 00:00:05 ; elapsed = 00:00:33 . Memory (MB): peak = 1594.875 ; gain = 669.383
---------------------------------------------------------------------------------
---------------------------------------------------------------------------------
Start Renaming Generated Ports
---------------------------------------------------------------------------------
---------------------------------------------------------------------------------
Finished Renaming Generated Ports : Time (s): cpu = 00:00:05 ; elapsed = 00:00:33 . Memory (MB): peak = 1594.875 ; gain = 669.383
---------------------------------------------------------------------------------
---------------------------------------------------------------------------------
Start Handling Custom Attributes
---------------------------------------------------------------------------------
---------------------------------------------------------------------------------
Finished Handling Custom Attributes : Time (s): cpu = 00:00:05 ; elapsed = 00:00:33 . Memory (MB): peak = 1594.875 ; gain = 669.383
---------------------------------------------------------------------------------
---------------------------------------------------------------------------------
Start Renaming Generated Nets
---------------------------------------------------------------------------------
---------------------------------------------------------------------------------
Finished Renaming Generated Nets : Time (s): cpu = 00:00:05 ; elapsed = 00:00:33 . Memory (MB): peak = 1594.875 ; gain = 669.383
---------------------------------------------------------------------------------
---------------------------------------------------------------------------------
Start Writing Synthesis Report
---------------------------------------------------------------------------------

DSP Final Report (the ' indicates corresponding REG is set)
+---------------------+------------------------------------------------+--------+--------+--------+--------+--------+------+------+------+------+-------+------+------+
|Module Name          | DSP Mapping                                    | A Size | B Size | C Size | D Size | P Size | AREG | BREG | CREG | DREG | ADREG | MREG | PREG | 
+---------------------+------------------------------------------------+--------+--------+--------+--------+--------+------+------+------+------+-------+------+------+
|calc__parameterized0 | Dynamic                                        | -      | -      | -      | -      | 48     | -    | -    | -    | -    | -     | 0    | 1    | 
|calc_28              | (C'+((D'+A')'*B')')'                           | 30     | 0      | 0      | 25     | 48     | 1    | 1    | 1    | 1    | 1     | 1    | 1    | 
|calc_27              | (PCIN+((Dynamically Configured Multiplier))')' | -      | -      | -      | -      | 48     | -    | -    | -    | -    | 1     | 1    | 1    | 
|calc_26              | (PCIN+((D'+A')'*B')')'                         | 30     | 9      | -      | 25     | 48     | 1    | 1    | -    | 1    | 1     | 1    | 1    | 
|calc_25              | (PCIN+((D'+A')'*B')')'                         | 30     | 11     | -      | 25     | 48     | 1    | 1    | -    | 1    | 1     | 1    | 1    | 
|calc_24              | (PCIN+((D'+A')'*B')')'                         | 30     | 13     | -      | 25     | 48     | 1    | 1    | -    | 1    | 1     | 1    | 1    | 
|calc_23              | (PCIN+((D'+A')'*B')')'                         | 30     | 13     | -      | 25     | 48     | 1    | 1    | -    | 1    | 1     | 1    | 1    | 
|calc_22              | (PCIN+((D'+A')'*B')')'                         | 30     | 14     | -      | 25     | 48     | 1    | 1    | -    | 1    | 1     | 1    | 1    | 
|calc_21              | (PCIN+((D'+A')'*B')')'                         | 30     | 14     | -      | 25     | 48     | 1    | 1    | -    | 1    | 1     | 1    | 1    | 
|calc_20              | (PCIN+((D'+A')'*B')')'                         | 30     | 15     | -      | 25     | 48     | 1    | 1    | -    | 1    | 1     | 1    | 1    | 
|calc_19              | (PCIN+((D'+A')'*B')')'                         | 30     | 15     | -      | 25     | 48     | 1    | 1    | -    | 1    | 1     | 1    | 1    | 
|calc                 | (PCIN+((D'+A')'*B')')'                         | 30     | 15     | -      | 25     | 48     | 1    | 1    | -    | 1    | 1     | 1    | 1    | 
+---------------------+------------------------------------------------+--------+--------+--------+--------+--------+------+------+------+------+-------+------+------+


Report BlackBoxes: 
+-+--------------+----------+
| |BlackBox name |Instances |
+-+--------------+----------+
+-+--------------+----------+

Report Cell Usage: 
+------+--------+------+
|      |Cell    |Count |
+------+--------+------+
|1     |DSP48E1 |    12|
|3     |LUT1    |    11|
|4     |LUT2    |    32|
|5     |LUT3    |    68|
|6     |LUT4    |     6|
|7     |LUT5    |     5|
|8     |LUT6    |     4|
|9     |SRL16E  |   249|
|10    |FDRE    |   639|
|11    |FDSE    |     1|
+------+--------+------+
---------------------------------------------------------------------------------
Finished Writing Synthesis Report : Time (s): cpu = 00:00:05 ; elapsed = 00:00:33 . Memory (MB): peak = 1594.875 ; gain = 669.383
---------------------------------------------------------------------------------
Synthesis finished with 0 errors, 0 critical warnings and 232 warnings.
Synthesis Optimization Runtime : Time (s): cpu = 00:00:02 ; elapsed = 00:00:29 . Memory (MB): peak = 1594.875 ; gain = 650.430
Synthesis Optimization Complete : Time (s): cpu = 00:00:05 ; elapsed = 00:00:33 . Memory (MB): peak = 1594.875 ; gain = 669.383
INFO: [Project 1-571] Translating synthesized netlist
Netlist sorting complete. Time (s): cpu = 00:00:00 ; elapsed = 00:00:00.037 . Memory (MB): peak = 1594.875 ; gain = 0.000
INFO: [Netlist 29-17] Analyzing 12 Unisim elements for replacement
INFO: [Netlist 29-28] Unisim Transformation completed in 0 CPU seconds
INFO: [Project 1-570] Preparing netlist for logic optimization
INFO: [Opt 31-138] Pushed 0 inverter(s) to 0 load pin(s).
Netlist sorting complete. Time (s): cpu = 00:00:00 ; elapsed = 00:00:00.001 . Memory (MB): peak = 1594.875 ; gain = 0.000
INFO: [Project 1-111] Unisim Transformation Summary:
No Unisim elements were transformed.

Synth Design complete | Checksum: 1a0ce89c
INFO: [Common 17-83] Releasing license: Synthesis
27 Infos, 101 Warnings, 0 Critical Warnings and 0 Errors encountered.
synth_design completed successfully
synth_design: Time (s): cpu = 00:00:05 ; elapsed = 00:00:37 . Memory (MB): peak = 1594.875 ; gain = 1105.488
INFO: [Common 17-1381] The checkpoint 'D:/Xilinx/Project/200t/AM_demodulation/AM_demodulation.runs/fir_lowpass_25k_synth_1/fir_lowpass_25k.dcp' has been generated.
INFO: [Coretcl 2-1648] Added synthesis output to IP cache for IP fir_lowpass_25k, cache-ID = af33621f9176cfe9
INFO: [Coretcl 2-1174] Renamed 128 cell refs.
INFO: [Common 17-1381] The checkpoint 'D:/Xilinx/Project/200t/AM_demodulation/AM_demodulation.runs/fir_lowpass_25k_synth_1/fir_lowpass_25k.dcp' has been generated.
INFO: [runtcl-4] Executing : report_utilization -file fir_lowpass_25k_utilization_synth.rpt -pb fir_lowpass_25k_utilization_synth.pb
INFO: [Common 17-206] Exiting Vivado at Tue Feb 20 14:08:53 2024...
