
*** Running vivado
    with args -log AM_demodulation.vds -m64 -product Vivado -mode batch -messageDb vivado.pb -notrace -source AM_demodulation.tcl


ECHO 处于关闭状态。
ECHO 处于关闭状态。

****** Vivado v2023.1 (64-bit)
  **** SW Build 3865809 on Sun May  7 15:05:29 MDT 2023
  **** IP Build 3864474 on Sun May  7 20:36:21 MDT 2023
  **** SharedData Build 3865790 on Sun May 07 13:33:03 MDT 2023
    ** Copyright 1986-2022 Xilinx, Inc. All Rights Reserved.
    ** Copyright 2022-2023 Advanced Micro Devices, Inc. All Rights Reserved.

source AM_demodulation.tcl -notrace
Command: synth_design -top AM_demodulation -part xc7a200tfbg484-1
Starting synth_design
Attempting to get a license for feature 'Synthesis' and/or device 'xc7a200t'
INFO: [Common 17-349] Got license for feature 'Synthesis' and/or device 'xc7a200t'
INFO: [Device 21-403] Loading part xc7a200tfbg484-1
INFO: [Synth 8-7079] Multithreading enabled for synth_design using a maximum of 2 processes.
INFO: [Synth 8-7078] Launching helper process for spawning children vivado processes
INFO: [Synth 8-7075] Helper process launched with PID 7808
INFO: [Synth 8-11241] undeclared symbol 's_axis_data_tready', assumed default net type 'wire' [D:/Xilinx/Project/200t/AM_demodulation/AM_demodulation.srcs/sources_1/new/AM_demodulation.v:80]
INFO: [Synth 8-11241] undeclared symbol 'm_axis_data_tvalid', assumed default net type 'wire' [D:/Xilinx/Project/200t/AM_demodulation/AM_demodulation.srcs/sources_1/new/AM_demodulation.v:82]
---------------------------------------------------------------------------------
Starting RTL Elaboration : Time (s): cpu = 00:00:00 ; elapsed = 00:00:04 . Memory (MB): peak = 1337.652 ; gain = 410.527
---------------------------------------------------------------------------------
INFO: [Synth 8-6157] synthesizing module 'AM_demodulation' [D:/Xilinx/Project/200t/AM_demodulation/AM_demodulation.srcs/sources_1/new/AM_demodulation.v:23]
INFO: [Synth 8-6157] synthesizing module 'PLL_ADC_DAC' [D:/Xilinx/Project/200t/AM_demodulation/AM_demodulation.runs/synth_1/.Xil/Vivado-3040-Blessing/realtime/PLL_ADC_DAC_stub.v:6]
INFO: [Synth 8-6155] done synthesizing module 'PLL_ADC_DAC' (0#1) [D:/Xilinx/Project/200t/AM_demodulation/AM_demodulation.runs/synth_1/.Xil/Vivado-3040-Blessing/realtime/PLL_ADC_DAC_stub.v:6]
INFO: [Synth 8-6157] synthesizing module 'fir_lowpass_25k' [D:/Xilinx/Project/200t/AM_demodulation/AM_demodulation.runs/synth_1/.Xil/Vivado-3040-Blessing/realtime/fir_lowpass_25k_stub.v:6]
INFO: [Synth 8-6155] done synthesizing module 'fir_lowpass_25k' (0#1) [D:/Xilinx/Project/200t/AM_demodulation/AM_demodulation.runs/synth_1/.Xil/Vivado-3040-Blessing/realtime/fir_lowpass_25k_stub.v:6]
INFO: [Synth 8-6155] done synthesizing module 'AM_demodulation' (0#1) [D:/Xilinx/Project/200t/AM_demodulation/AM_demodulation.srcs/sources_1/new/AM_demodulation.v:23]
---------------------------------------------------------------------------------
Finished RTL Elaboration : Time (s): cpu = 00:00:01 ; elapsed = 00:00:05 . Memory (MB): peak = 1428.207 ; gain = 501.082
---------------------------------------------------------------------------------
---------------------------------------------------------------------------------
Start Handling Custom Attributes
---------------------------------------------------------------------------------
---------------------------------------------------------------------------------
Finished Handling Custom Attributes : Time (s): cpu = 00:00:01 ; elapsed = 00:00:05 . Memory (MB): peak = 1428.207 ; gain = 501.082
---------------------------------------------------------------------------------
---------------------------------------------------------------------------------
Finished RTL Optimization Phase 1 : Time (s): cpu = 00:00:01 ; elapsed = 00:00:05 . Memory (MB): peak = 1428.207 ; gain = 501.082
---------------------------------------------------------------------------------
Netlist sorting complete. Time (s): cpu = 00:00:00 ; elapsed = 00:00:00.001 . Memory (MB): peak = 1428.207 ; gain = 0.000
INFO: [Project 1-570] Preparing netlist for logic optimization

Processing XDC Constraints
Initializing timing engine
Parsing XDC File [d:/Xilinx/Project/200t/AM_demodulation/AM_demodulation.gen/sources_1/ip/PLL_ADC_DAC/PLL_ADC_DAC/PLL_ADC_DAC_in_context.xdc] for cell 'u_PLL_ADC_DAC'
Finished Parsing XDC File [d:/Xilinx/Project/200t/AM_demodulation/AM_demodulation.gen/sources_1/ip/PLL_ADC_DAC/PLL_ADC_DAC/PLL_ADC_DAC_in_context.xdc] for cell 'u_PLL_ADC_DAC'
Parsing XDC File [d:/Xilinx/Project/200t/AM_demodulation/AM_demodulation.gen/sources_1/ip/fir_lowpass_25k/fir_lowpass_25k/fir_lowpass_25k_in_context.xdc] for cell 'u_fir_lowpass_25k'
Finished Parsing XDC File [d:/Xilinx/Project/200t/AM_demodulation/AM_demodulation.gen/sources_1/ip/fir_lowpass_25k/fir_lowpass_25k/fir_lowpass_25k_in_context.xdc] for cell 'u_fir_lowpass_25k'
Parsing XDC File [D:/Xilinx/Project/200t/AM_demodulation/AM_demodulation.xdc]
Finished Parsing XDC File [D:/Xilinx/Project/200t/AM_demodulation/AM_demodulation.xdc]
INFO: [Project 1-236] Implementation specific constraints were found while reading constraint file [D:/Xilinx/Project/200t/AM_demodulation/AM_demodulation.xdc]. These constraints will be ignored for synthesis but will be used in implementation. Impacted constraints are listed in the file [.Xil/AM_demodulation_propImpl.xdc].
Resolution: To avoid this warning, move constraints listed in [.Xil/AM_demodulation_propImpl.xdc] to another XDC file and exclude this new file from synthesis with the used_in_synthesis property (File Properties dialog in GUI) and re-run elaboration/synthesis.
Completed Processing XDC Constraints

Netlist sorting complete. Time (s): cpu = 00:00:00 ; elapsed = 00:00:00.001 . Memory (MB): peak = 1473.316 ; gain = 0.000
INFO: [Project 1-111] Unisim Transformation Summary:
No Unisim elements were transformed.

Constraint Validation Runtime : Time (s): cpu = 00:00:00 ; elapsed = 00:00:00.002 . Memory (MB): peak = 1473.316 ; gain = 0.000
---------------------------------------------------------------------------------
Finished Constraint Validation : Time (s): cpu = 00:00:01 ; elapsed = 00:00:11 . Memory (MB): peak = 1473.316 ; gain = 546.191
---------------------------------------------------------------------------------
---------------------------------------------------------------------------------
Start Loading Part and Timing Information
---------------------------------------------------------------------------------
Loading part: xc7a200tfbg484-1
---------------------------------------------------------------------------------
Finished Loading Part and Timing Information : Time (s): cpu = 00:00:01 ; elapsed = 00:00:11 . Memory (MB): peak = 1473.316 ; gain = 546.191
---------------------------------------------------------------------------------
---------------------------------------------------------------------------------
Start Applying 'set_property' XDC Constraints
---------------------------------------------------------------------------------
Applied set_property KEEP_HIERARCHY = SOFT for u_PLL_ADC_DAC. (constraint file  auto generated constraint).
Applied set_property KEEP_HIERARCHY = SOFT for u_fir_lowpass_25k. (constraint file  auto generated constraint).
---------------------------------------------------------------------------------
Finished applying 'set_property' XDC Constraints : Time (s): cpu = 00:00:01 ; elapsed = 00:00:11 . Memory (MB): peak = 1473.316 ; gain = 546.191
---------------------------------------------------------------------------------
---------------------------------------------------------------------------------
Finished RTL Optimization Phase 2 : Time (s): cpu = 00:00:01 ; elapsed = 00:00:11 . Memory (MB): peak = 1473.316 ; gain = 546.191
---------------------------------------------------------------------------------
---------------------------------------------------------------------------------
Start RTL Component Statistics 
---------------------------------------------------------------------------------
Detailed RTL Component Info : 
+---Adders : 
	   2 Input   14 Bit       Adders := 1     
	   2 Input   10 Bit       Adders := 2     
+---Registers : 
	               14 Bit    Registers := 1     
	               10 Bit    Registers := 2     
	                1 Bit    Registers := 1     
+---Muxes : 
	   2 Input   10 Bit        Muxes := 2     
	   2 Input    1 Bit        Muxes := 1     
---------------------------------------------------------------------------------
Finished RTL Component Statistics 
---------------------------------------------------------------------------------
---------------------------------------------------------------------------------
Start Part Resource Summary
---------------------------------------------------------------------------------
Part Resources:
DSPs: 740 (col length:100)
BRAMs: 730 (col length: RAMB18 100 RAMB36 50)
---------------------------------------------------------------------------------
Finished Part Resource Summary
---------------------------------------------------------------------------------
---------------------------------------------------------------------------------
Start Cross Boundary and Area Optimization
---------------------------------------------------------------------------------
WARNING: [Synth 8-7080] Parallel synthesis criteria is not met
---------------------------------------------------------------------------------
Finished Cross Boundary and Area Optimization : Time (s): cpu = 00:00:02 ; elapsed = 00:00:12 . Memory (MB): peak = 1473.316 ; gain = 546.191
---------------------------------------------------------------------------------
---------------------------------------------------------------------------------
Start Applying XDC Timing Constraints
---------------------------------------------------------------------------------
---------------------------------------------------------------------------------
Finished Applying XDC Timing Constraints : Time (s): cpu = 00:00:02 ; elapsed = 00:00:17 . Memory (MB): peak = 1473.316 ; gain = 546.191
---------------------------------------------------------------------------------
---------------------------------------------------------------------------------
Start Timing Optimization
---------------------------------------------------------------------------------
---------------------------------------------------------------------------------
Finished Timing Optimization : Time (s): cpu = 00:00:02 ; elapsed = 00:00:17 . Memory (MB): peak = 1473.316 ; gain = 546.191
---------------------------------------------------------------------------------
---------------------------------------------------------------------------------
Start Technology Mapping
---------------------------------------------------------------------------------
---------------------------------------------------------------------------------
Finished Technology Mapping : Time (s): cpu = 00:00:02 ; elapsed = 00:00:17 . Memory (MB): peak = 1473.316 ; gain = 546.191
---------------------------------------------------------------------------------
---------------------------------------------------------------------------------
Start IO Insertion
---------------------------------------------------------------------------------
---------------------------------------------------------------------------------
Start Flattening Before IO Insertion
---------------------------------------------------------------------------------
---------------------------------------------------------------------------------
Finished Flattening Before IO Insertion
---------------------------------------------------------------------------------
---------------------------------------------------------------------------------
Start Final Netlist Cleanup
---------------------------------------------------------------------------------
---------------------------------------------------------------------------------
Finished Final Netlist Cleanup
---------------------------------------------------------------------------------
---------------------------------------------------------------------------------
Finished IO Insertion : Time (s): cpu = 00:00:02 ; elapsed = 00:00:20 . Memory (MB): peak = 1473.316 ; gain = 546.191
---------------------------------------------------------------------------------
---------------------------------------------------------------------------------
Start Renaming Generated Instances
---------------------------------------------------------------------------------
---------------------------------------------------------------------------------
Finished Renaming Generated Instances : Time (s): cpu = 00:00:02 ; elapsed = 00:00:20 . Memory (MB): peak = 1473.316 ; gain = 546.191
---------------------------------------------------------------------------------
---------------------------------------------------------------------------------
Start Rebuilding User Hierarchy
---------------------------------------------------------------------------------
---------------------------------------------------------------------------------
Finished Rebuilding User Hierarchy : Time (s): cpu = 00:00:02 ; elapsed = 00:00:20 . Memory (MB): peak = 1473.316 ; gain = 546.191
---------------------------------------------------------------------------------
---------------------------------------------------------------------------------
Start Renaming Generated Ports
---------------------------------------------------------------------------------
---------------------------------------------------------------------------------
Finished Renaming Generated Ports : Time (s): cpu = 00:00:02 ; elapsed = 00:00:20 . Memory (MB): peak = 1473.316 ; gain = 546.191
---------------------------------------------------------------------------------
---------------------------------------------------------------------------------
Start Handling Custom Attributes
---------------------------------------------------------------------------------
---------------------------------------------------------------------------------
Finished Handling Custom Attributes : Time (s): cpu = 00:00:02 ; elapsed = 00:00:20 . Memory (MB): peak = 1473.316 ; gain = 546.191
---------------------------------------------------------------------------------
---------------------------------------------------------------------------------
Start Renaming Generated Nets
---------------------------------------------------------------------------------
---------------------------------------------------------------------------------
Finished Renaming Generated Nets : Time (s): cpu = 00:00:02 ; elapsed = 00:00:20 . Memory (MB): peak = 1473.316 ; gain = 546.191
---------------------------------------------------------------------------------
---------------------------------------------------------------------------------
Start Writing Synthesis Report
---------------------------------------------------------------------------------

Report BlackBoxes: 
+------+----------------+----------+
|      |BlackBox name   |Instances |
+------+----------------+----------+
|1     |PLL_ADC_DAC     |         1|
|2     |fir_lowpass_25k |         1|
+------+----------------+----------+

Report Cell Usage: 
+------+----------------+------+
|      |Cell            |Count |
+------+----------------+------+
|1     |PLL_ADC_DAC     |     1|
|2     |fir_lowpass_25k |     1|
|3     |BUFG            |     1|
|4     |LUT1            |     2|
|5     |LUT2            |     2|
|6     |LUT3            |     3|
|7     |LUT4            |     4|
|8     |LUT5            |     6|
|9     |LUT6            |     9|
|10    |FDCE            |    25|
|11    |FDRE            |    10|
|12    |IBUF            |    12|
|13    |OBUF            |    16|
+------+----------------+------+
---------------------------------------------------------------------------------
Finished Writing Synthesis Report : Time (s): cpu = 00:00:02 ; elapsed = 00:00:20 . Memory (MB): peak = 1473.316 ; gain = 546.191
---------------------------------------------------------------------------------
Synthesis finished with 0 errors, 0 critical warnings and 1 warnings.
Synthesis Optimization Runtime : Time (s): cpu = 00:00:01 ; elapsed = 00:00:18 . Memory (MB): peak = 1473.316 ; gain = 501.082
Synthesis Optimization Complete : Time (s): cpu = 00:00:02 ; elapsed = 00:00:20 . Memory (MB): peak = 1473.316 ; gain = 546.191
INFO: [Project 1-571] Translating synthesized netlist
Netlist sorting complete. Time (s): cpu = 00:00:00 ; elapsed = 00:00:00.001 . Memory (MB): peak = 1473.316 ; gain = 0.000
INFO: [Project 1-570] Preparing netlist for logic optimization
INFO: [Opt 31-138] Pushed 0 inverter(s) to 0 load pin(s).
Netlist sorting complete. Time (s): cpu = 00:00:00 ; elapsed = 00:00:00 . Memory (MB): peak = 1473.316 ; gain = 0.000
INFO: [Project 1-111] Unisim Transformation Summary:
No Unisim elements were transformed.

Synth Design complete | Checksum: 2382a62c
INFO: [Common 17-83] Releasing license: Synthesis
21 Infos, 1 Warnings, 0 Critical Warnings and 0 Errors encountered.
synth_design completed successfully
synth_design: Time (s): cpu = 00:00:03 ; elapsed = 00:00:24 . Memory (MB): peak = 1473.316 ; gain = 982.922
INFO: [Common 17-1381] The checkpoint 'D:/Xilinx/Project/200t/AM_demodulation/AM_demodulation.runs/synth_1/AM_demodulation.dcp' has been generated.
INFO: [runtcl-4] Executing : report_utilization -file AM_demodulation_utilization_synth.rpt -pb AM_demodulation_utilization_synth.pb
INFO: [Common 17-206] Exiting Vivado at Tue Feb 20 14:25:21 2024...
